COMMAND: pixi run python manipulation/extract_images_from_states.py --folder_name data/diverse_objects_mino/ --exp_name test_gen_demo --extract_name 41510 --traj_idx 1 --angle_threshold 0.9736744769604139 --randomize_camera 0 --observation_mode image --save_path data/rgb_mino_data/ --extract_pcds
LOG_FILE: logs/extraction/41510/job_0001.log
----------------------------------------

--- STREAMING OUTPUT ---
pybullet build time: Sep  3 2024 12:51:57
[?25hTraceback (most recent call last):
  File "/project_data/held/pratik/run_sample_basic_experiments/Bimanual_Manipulation/Articubot_Data_For_RVT/ArticuBot/manipulation/extract_images_from_states.py", line 9, in <module>
    from manipulation.robogen_image_wrapper import RobogenImageWrapper
  File "/project_data/held/pratik/run_sample_basic_experiments/Bimanual_Manipulation/Articubot_Data_For_RVT/ArticuBot/manipulation/robogen_image_wrapper.py", line 1, in <module>
    import wandb
  File "/project_data/held/pratik/run_sample_basic_experiments/Bimanual_Manipulation/Articubot_Data_For_RVT/ArticuBot/.pixi/envs/default/lib/python3.10/site-packages/wandb/__init__.py", line 22, in <module>
    from wandb.sdk.lib import wb_logging as _wb_logging
  File "/project_data/held/pratik/run_sample_basic_experiments/Bimanual_Manipulation/Articubot_Data_For_RVT/ArticuBot/.pixi/envs/default/lib/python3.10/site-packages/wandb/sdk/__init__.py", line 28, in <module>
    from .wandb_init import _attach, init
  File "/project_data/held/pratik/run_sample_basic_experiments/Bimanual_Manipulation/Articubot_Data_For_RVT/ArticuBot/.pixi/envs/default/lib/python3.10/site-packages/wandb/sdk/wandb_init.py", line 48, in <module>
    from .wandb_run import Run, TeardownHook, TeardownStage
  File "/project_data/held/pratik/run_sample_basic_experiments/Bimanual_Manipulation/Articubot_Data_For_RVT/ArticuBot/.pixi/envs/default/lib/python3.10/site-packages/wandb/sdk/wandb_run.py", line 70, in <module>
    from .lib import (
  File "<frozen importlib._bootstrap>", line 1027, in _find_and_load
  File "<frozen importlib._bootstrap>", line 1006, in _find_and_load_unlocked
  File "<frozen importlib._bootstrap>", line 688, in _load_unlocked
  File "<frozen importlib._bootstrap_external>", line 879, in exec_module
  File "<frozen importlib._bootstrap_external>", line 1012, in get_code
  File "<frozen importlib._bootstrap_external>", line 672, in _compile_bytecode
KeyboardInterrupt
