COMMAND: pixi run python manipulation/extract_images_from_states.py --folder_name data/diverse_objects_mino/ --exp_name test_gen_demo --extract_name 41510 --traj_idx 16 --angle_threshold 0.9736744769604139 --randomize_camera 0 --observation_mode image --save_path data/rgb_mino_data/ --extract_pcds
LOG_FILE: logs/extraction/41510/job_0016.log
----------------------------------------

--- STREAMING OUTPUT ---
pybullet build time: Sep  3 2024 12:51:57
[?25hTraceback (most recent call last):
  File "/project_data/held/pratik/run_sample_basic_experiments/Bimanual_Manipulation/Articubot_Data_For_RVT/ArticuBot/manipulation/extract_images_from_states.py", line 9, in <module>
    from manipulation.robogen_image_wrapper import RobogenImageWrapper
  File "/project_data/held/pratik/run_sample_basic_experiments/Bimanual_Manipulation/Articubot_Data_For_RVT/ArticuBot/manipulation/robogen_image_wrapper.py", line 1, in <module>
    import wandb
  File "/project_data/held/pratik/run_sample_basic_experiments/Bimanual_Manipulation/Articubot_Data_For_RVT/ArticuBot/.pixi/envs/default/lib/python3.10/site-packages/wandb/__init__.py", line 22, in <module>
    from wandb.sdk.lib import wb_logging as _wb_logging
  File "/project_data/held/pratik/run_sample_basic_experiments/Bimanual_Manipulation/Articubot_Data_For_RVT/ArticuBot/.pixi/envs/default/lib/python3.10/site-packages/wandb/sdk/__init__.py", line 25, in <module>
    from .artifacts.artifact import Artifact
  File "/project_data/held/pratik/run_sample_basic_experiments/Bimanual_Manipulation/Articubot_Data_For_RVT/ArticuBot/.pixi/envs/default/lib/python3.10/site-packages/wandb/sdk/artifacts/artifact.py", line 116, in <module>
    class Artifact:
  File "/project_data/held/pratik/run_sample_basic_experiments/Bimanual_Manipulation/Articubot_Data_For_RVT/ArticuBot/.pixi/envs/default/lib/python3.10/site-packages/wandb/sdk/artifacts/artifact.py", line 2280, in Artifact
    def file(self, root: str | None = None) -> StrPath:
  File "/project_data/held/pratik/run_sample_basic_experiments/Bimanual_Manipulation/Articubot_Data_For_RVT/ArticuBot/.pixi/envs/default/lib/python3.10/site-packages/wandb/sdk/artifacts/_validators.py", line 240, in ensure_logged
    def ensure_logged(method: MethodT[ArtifactT, P, R]) -> MethodT[ArtifactT, P, R]:
KeyboardInterrupt
