COMMAND: pixi run python manipulation/extract_images_from_states.py --folder_name data/diverse_objects_mino/ --exp_name test_gen_demo --extract_name 41510 --traj_idx 11 --angle_threshold 0.9736744769604139 --randomize_camera 0 --observation_mode image --save_path data/rgb_mino_data/ --extract_pcds
LOG_FILE: logs/extraction/41510/job_0011.log
----------------------------------------

--- STREAMING OUTPUT ---
pybullet build time: Sep  3 2024 12:51:57
Traceback (most recent call last):
[?25h  File "/project_data/held/pratik/run_sample_basic_experiments/Bimanual_Manipulation/Articubot_Data_For_RVT/ArticuBot/manipulation/extract_images_from_states.py", line 9, in <module>
    from manipulation.robogen_image_wrapper import RobogenImageWrapper
  File "/project_data/held/pratik/run_sample_basic_experiments/Bimanual_Manipulation/Articubot_Data_For_RVT/ArticuBot/manipulation/robogen_image_wrapper.py", line 1, in <module>
    import wandb
  File "/project_data/held/pratik/run_sample_basic_experiments/Bimanual_Manipulation/Articubot_Data_For_RVT/ArticuBot/.pixi/envs/default/lib/python3.10/site-packages/wandb/__init__.py", line 22, in <module>
    from wandb.sdk.lib import wb_logging as _wb_logging
  File "/project_data/held/pratik/run_sample_basic_experiments/Bimanual_Manipulation/Articubot_Data_For_RVT/ArticuBot/.pixi/envs/default/lib/python3.10/site-packages/wandb/sdk/__init__.py", line 25, in <module>
    from .artifacts.artifact import Artifact
  File "/project_data/held/pratik/run_sample_basic_experiments/Bimanual_Manipulation/Articubot_Data_For_RVT/ArticuBot/.pixi/envs/default/lib/python3.10/site-packages/wandb/sdk/artifacts/artifact.py", line 71, in <module>
    from ._factories import make_storage_policy
  File "/project_data/held/pratik/run_sample_basic_experiments/Bimanual_Manipulation/Articubot_Data_For_RVT/ArticuBot/.pixi/envs/default/lib/python3.10/site-packages/wandb/sdk/artifacts/_factories.py", line 6, in <module>
    from .storage_policies import WandbStoragePolicy
  File "/project_data/held/pratik/run_sample_basic_experiments/Bimanual_Manipulation/Articubot_Data_For_RVT/ArticuBot/.pixi/envs/default/lib/python3.10/site-packages/wandb/sdk/artifacts/storage_policies/__init__.py", line 2, in <module>
    from wandb.sdk.artifacts.storage_policies.wandb_storage_policy import WandbStoragePolicy
  File "/project_data/held/pratik/run_sample_basic_experiments/Bimanual_Manipulation/Articubot_Data_For_RVT/ArticuBot/.pixi/envs/default/lib/python3.10/site-packages/wandb/sdk/artifacts/storage_policies/wandb_storage_policy.py", line 21, in <module>
    from wandb.sdk.artifacts.artifact_file_cache import (
  File "<frozen importlib._bootstrap>", line 1024, in _find_and_load
KeyboardInterrupt
