COMMAND: pixi run python manipulation/extract_images_from_states.py --folder_name data/diverse_objects_mino/ --exp_name test_gen_demo --extract_name 41510 --traj_idx 28 --angle_threshold 0.9736744769604139 --randomize_camera 0 --observation_mode image --save_path data/rgb_mino_data/ --extract_pcds
LOG_FILE: logs/extraction/41510/job_0028.log
----------------------------------------

--- STREAMING OUTPUT ---
pybullet build time: Sep  3 2024 12:51:57
[?25hTraceback (most recent call last):
  File "/project_data/held/pratik/run_sample_basic_experiments/Bimanual_Manipulation/Articubot_Data_For_RVT/ArticuBot/manipulation/extract_images_from_states.py", line 9, in <module>
    from manipulation.robogen_image_wrapper import RobogenImageWrapper
  File "/project_data/held/pratik/run_sample_basic_experiments/Bimanual_Manipulation/Articubot_Data_For_RVT/ArticuBot/manipulation/robogen_image_wrapper.py", line 1, in <module>
    import wandb
  File "/project_data/held/pratik/run_sample_basic_experiments/Bimanual_Manipulation/Articubot_Data_For_RVT/ArticuBot/.pixi/envs/default/lib/python3.10/site-packages/wandb/__init__.py", line 22, in <module>
    from wandb.sdk.lib import wb_logging as _wb_logging
  File "/project_data/held/pratik/run_sample_basic_experiments/Bimanual_Manipulation/Articubot_Data_For_RVT/ArticuBot/.pixi/envs/default/lib/python3.10/site-packages/wandb/sdk/__init__.py", line 25, in <module>
    from .artifacts.artifact import Artifact
  File "/project_data/held/pratik/run_sample_basic_experiments/Bimanual_Manipulation/Articubot_Data_For_RVT/ArticuBot/.pixi/envs/default/lib/python3.10/site-packages/wandb/sdk/artifacts/artifact.py", line 43, in <module>
    from wandb.apis.normalize import normalize_exceptions
  File "/project_data/held/pratik/run_sample_basic_experiments/Bimanual_Manipulation/Articubot_Data_For_RVT/ArticuBot/.pixi/envs/default/lib/python3.10/site-packages/wandb/apis/__init__.py", line 46, in <module>
    from .public import Api as PublicApi  # noqa
  File "/project_data/held/pratik/run_sample_basic_experiments/Bimanual_Manipulation/Articubot_Data_For_RVT/ArticuBot/.pixi/envs/default/lib/python3.10/site-packages/wandb/apis/public/__init__.py", line 45, in <module>
    from wandb.apis.public.artifacts import (
  File "/project_data/held/pratik/run_sample_basic_experiments/Bimanual_Manipulation/Articubot_Data_For_RVT/ArticuBot/.pixi/envs/default/lib/python3.10/site-packages/wandb/apis/public/artifacts.py", line 675, in <module>
    class _ArtifactConnectionGeneric(ConnectionWithTotal[TNode]):
  File "/project_data/held/pratik/run_sample_basic_experiments/Bimanual_Manipulation/Articubot_Data_For_RVT/ArticuBot/.pixi/envs/default/lib/python3.10/site-packages/pydantic/main.py", line 911, in __class_getitem__
    submodel = _generics.create_generic_submodel(model_name, origin, args, params)
  File "/project_data/held/pratik/run_sample_basic_experiments/Bimanual_Manipulation/Articubot_Data_For_RVT/ArticuBot/.pixi/envs/default/lib/python3.10/site-packages/pydantic/_internal/_generics.py", line 128, in create_generic_submodel
    created_model = meta(
  File "/project_data/held/pratik/run_sample_basic_experiments/Bimanual_Manipulation/Articubot_Data_For_RVT/ArticuBot/.pixi/envs/default/lib/python3.10/site-packages/pydantic/_internal/_model_construction.py", line 221, in __new__
    set_model_fields(cls, config_wrapper=config_wrapper, ns_resolver=ns_resolver)
  File "/project_data/held/pratik/run_sample_basic_experiments/Bimanual_Manipulation/Articubot_Data_For_RVT/ArticuBot/.pixi/envs/default/lib/python3.10/site-packages/pydantic/_internal/_model_construction.py", line 544, in set_model_fields
    fields, class_vars = collect_model_fields(cls, config_wrapper, ns_resolver, typevars_map=typevars_map)
  File "/project_data/held/pratik/run_sample_basic_experiments/Bimanual_Manipulation/Articubot_Data_For_RVT/ArticuBot/.pixi/envs/default/lib/python3.10/site-packages/pydantic/_internal/_fields.py", line 281, in collect_model_fields
    _update_fields_from_docstrings(cls, fields)
  File "/project_data/held/pratik/run_sample_basic_experiments/Bimanual_Manipulation/Articubot_Data_For_RVT/ArticuBot/.pixi/envs/default/lib/python3.10/site-packages/pydantic/_internal/_fields.py", line 72, in _update_fields_from_docstrings
    fields_docs = extract_docstrings_from_cls(cls, use_inspect=use_inspect)
  File "/project_data/held/pratik/run_sample_basic_experiments/Bimanual_Manipulation/Articubot_Data_For_RVT/ArticuBot/.pixi/envs/default/lib/python3.10/site-packages/pydantic/_internal/_docs_extraction.py", line 99, in extract_docstrings_from_cls
    source = _extract_source_from_frame(cls)
  File "/project_data/held/pratik/run_sample_basic_experiments/Bimanual_Manipulation/Articubot_Data_For_RVT/ArticuBot/.pixi/envs/default/lib/python3.10/site-packages/pydantic/_internal/_docs_extraction.py", line 55, in _extract_source_from_frame
    if inspect.getmodule(frame) is inspect.getmodule(cls):
  File "/project_data/held/pratik/run_sample_basic_experiments/Bimanual_Manipulation/Articubot_Data_For_RVT/ArticuBot/.pixi/envs/default/lib/python3.10/inspect.py", line 869, in getmodule
    if ismodule(module) and hasattr(module, '__file__'):
  File "/project_data/held/pratik/run_sample_basic_experiments/Bimanual_Manipulation/Articubot_Data_For_RVT/ArticuBot/.pixi/envs/default/lib/python3.10/inspect.py", line 189, in ismodule
    return isinstance(object, types.ModuleType)
KeyboardInterrupt
